
[1m[0;36m╔══════════════════════════════════════════════════╗[0m
[1m[0;36m║[0m  [1m会话 1 / 18[0m
[1m[0;36m╠══════════════════════════════════════════════════╣[0m
[1m[0;36m║[0m  进度: 12/18 完成, 6 待完成
[1m[0;36m║[0m  目录: /home/alacrity/work/vibe/Kuro
[1m[0;36m╚══════════════════════════════════════════════════╝[0m


[0;32m━━━━━━━━━━━━━━━━━━━━━━━━━━━━━━━━━━━━━━━━━━━━━━━━━━[0m
[0;32m  ✅ 会话完成并通过验证，耗时: 445 秒[0m
[0;32m  进度: 13/18 完成, 5 待完成[0m
[0;32m━━━━━━━━━━━━━━━━━━━━━━━━━━━━━━━━━━━━━━━━━━━━━━━━━━[0m

[1m[0;36m╔══════════════════════════════════════════════════╗[0m
[1m[0;36m║[0m  [1m会话 2 / 18[0m
[1m[0;36m╠══════════════════════════════════════════════════╣[0m
[1m[0;36m║[0m  进度: 13/18 完成, 5 待完成
[1m[0;36m║[0m  目录: /home/alacrity/work/vibe/Kuro
[1m[0;36m╚══════════════════════════════════════════════════╝[0m


[0;32m━━━━━━━━━━━━━━━━━━━━━━━━━━━━━━━━━━━━━━━━━━━━━━━━━━[0m
[0;32m  ✅ 会话完成并通过验证，耗时: 150 秒[0m
[0;32m  进度: 14/18 完成, 4 待完成[0m
[0;32m━━━━━━━━━━━━━━━━━━━━━━━━━━━━━━━━━━━━━━━━━━━━━━━━━━[0m

[1m[0;36m╔══════════════════════════════════════════════════╗[0m
[1m[0;36m║[0m  [1m会话 3 / 18[0m
[1m[0;36m╠══════════════════════════════════════════════════╣[0m
[1m[0;36m║[0m  进度: 14/18 完成, 4 待完成
[1m[0;36m║[0m  目录: /home/alacrity/work/vibe/Kuro
[1m[0;36m╚══════════════════════════════════════════════════╝[0m


[0;32m━━━━━━━━━━━━━━━━━━━━━━━━━━━━━━━━━━━━━━━━━━━━━━━━━━[0m
[0;32m  ✅ 会话完成并通过验证，耗时: 411 秒[0m
[0;32m  进度: 15/18 完成, 3 待完成[0m
[0;32m━━━━━━━━━━━━━━━━━━━━━━━━━━━━━━━━━━━━━━━━━━━━━━━━━━[0m

[1m[0;36m╔══════════════════════════════════════════════════╗[0m
[1m[0;36m║[0m  [1m会话 4 / 18[0m
[1m[0;36m╠══════════════════════════════════════════════════╣[0m
[1m[0;36m║[0m  进度: 15/18 完成, 3 待完成
[1m[0;36m║[0m  目录: /home/alacrity/work/vibe/Kuro
[1m[0;36m╚══════════════════════════════════════════════════╝[0m


[0;32m━━━━━━━━━━━━━━━━━━━━━━━━━━━━━━━━━━━━━━━━━━━━━━━━━━[0m
[0;32m  ✅ 会话完成并通过验证，耗时: 488 秒[0m
[0;32m  进度: 16/18 完成, 2 待完成[0m
[0;32m━━━━━━━━━━━━━━━━━━━━━━━━━━━━━━━━━━━━━━━━━━━━━━━━━━[0m

[1m[0;36m╔══════════════════════════════════════════════════╗[0m
[1m[0;36m║[0m  [1m会话 5 / 18[0m
[1m[0;36m╠══════════════════════════════════════════════════╣[0m
[1m[0;36m║[0m  进度: 16/18 完成, 2 待完成
[1m[0;36m║[0m  目录: /home/alacrity/work/vibe/Kuro
[1m[0;36m╚══════════════════════════════════════════════════╝[0m

