
[1m[0;36m╔══════════════════════════════════════════════════╗[0m
[1m[0;36m║[0m  [1m会话 1 / 18[0m
[1m[0;36m╠══════════════════════════════════════════════════╣[0m
[1m[0;36m║[0m  进度: 4/18 完成, 14 待完成
[1m[0;36m║[0m  目录: /home/alacrity/work/vibe/Kuro
[1m[0;36m╚══════════════════════════════════════════════════╝[0m


[0;32m━━━━━━━━━━━━━━━━━━━━━━━━━━━━━━━━━━━━━━━━━━━━━━━━━━[0m
[0;32m  ✅ 会话完成并通过验证，耗时: 396 秒[0m
[0;32m  进度: 5/18 完成, 13 待完成[0m
[0;32m━━━━━━━━━━━━━━━━━━━━━━━━━━━━━━━━━━━━━━━━━━━━━━━━━━[0m

[1m[0;36m╔══════════════════════════════════════════════════╗[0m
[1m[0;36m║[0m  [1m会话 2 / 18[0m
[1m[0;36m╠══════════════════════════════════════════════════╣[0m
[1m[0;36m║[0m  进度: 5/18 完成, 13 待完成
[1m[0;36m║[0m  目录: /home/alacrity/work/vibe/Kuro
[1m[0;36m╚══════════════════════════════════════════════════╝[0m


[0;32m━━━━━━━━━━━━━━━━━━━━━━━━━━━━━━━━━━━━━━━━━━━━━━━━━━[0m
[0;32m  ✅ 会话完成并通过验证，耗时: 311 秒[0m
[0;32m  进度: 6/18 完成, 12 待完成[0m
[0;32m━━━━━━━━━━━━━━━━━━━━━━━━━━━━━━━━━━━━━━━━━━━━━━━━━━[0m

[1m[0;36m╔══════════════════════════════════════════════════╗[0m
[1m[0;36m║[0m  [1m会话 3 / 18[0m
[1m[0;36m╠══════════════════════════════════════════════════╣[0m
[1m[0;36m║[0m  进度: 6/18 完成, 12 待完成
[1m[0;36m║[0m  目录: /home/alacrity/work/vibe/Kuro
[1m[0;36m╚══════════════════════════════════════════════════╝[0m


[0;32m━━━━━━━━━━━━━━━━━━━━━━━━━━━━━━━━━━━━━━━━━━━━━━━━━━[0m
[0;32m  ✅ 会话完成并通过验证，耗时: 313 秒[0m
[0;32m  进度: 7/18 完成, 11 待完成[0m
[0;32m━━━━━━━━━━━━━━━━━━━━━━━━━━━━━━━━━━━━━━━━━━━━━━━━━━[0m

[1m[0;36m╔══════════════════════════════════════════════════╗[0m
[1m[0;36m║[0m  [1m会话 4 / 18[0m
[1m[0;36m╠══════════════════════════════════════════════════╣[0m
[1m[0;36m║[0m  进度: 7/18 完成, 11 待完成
[1m[0;36m║[0m  目录: /home/alacrity/work/vibe/Kuro
[1m[0;36m╚══════════════════════════════════════════════════╝[0m


[0;32m━━━━━━━━━━━━━━━━━━━━━━━━━━━━━━━━━━━━━━━━━━━━━━━━━━[0m
[0;32m  ✅ 会话完成并通过验证，耗时: 1021 秒[0m
[0;32m  进度: 8/18 完成, 10 待完成[0m
[0;32m━━━━━━━━━━━━━━━━━━━━━━━━━━━━━━━━━━━━━━━━━━━━━━━━━━[0m

[1m[0;36m╔══════════════════════════════════════════════════╗[0m
[1m[0;36m║[0m  [1m会话 5 / 18[0m
[1m[0;36m╠══════════════════════════════════════════════════╣[0m
[1m[0;36m║[0m  进度: 8/18 完成, 10 待完成
[1m[0;36m║[0m  目录: /home/alacrity/work/vibe/Kuro
[1m[0;36m╚══════════════════════════════════════════════════╝[0m


[0;32m━━━━━━━━━━━━━━━━━━━━━━━━━━━━━━━━━━━━━━━━━━━━━━━━━━[0m
[0;32m  ✅ 会话完成并通过验证，耗时: 232 秒[0m
[0;32m  进度: 9/18 完成, 9 待完成[0m
[0;32m━━━━━━━━━━━━━━━━━━━━━━━━━━━━━━━━━━━━━━━━━━━━━━━━━━[0m

[1m[0;36m╔══════════════════════════════════════════════════╗[0m
[1m[0;36m║[0m  [1m会话 6 / 18[0m
[1m[0;36m╠══════════════════════════════════════════════════╣[0m
[1m[0;36m║[0m  进度: 9/18 完成, 9 待完成
[1m[0;36m║[0m  目录: /home/alacrity/work/vibe/Kuro
[1m[0;36m╚══════════════════════════════════════════════════╝[0m

