
[1m[0;36m╔══════════════════════════════════════════════════╗[0m
[1m[0;36m║[0m  [1m会话 1 / 18[0m
[1m[0;36m╠══════════════════════════════════════════════════╣[0m
[1m[0;36m║[0m  进度: 9/18 完成, 9 待完成
[1m[0;36m║[0m  目录: /home/alacrity/work/vibe/Kuro
[1m[0;36m╚══════════════════════════════════════════════════╝[0m


[0;32m━━━━━━━━━━━━━━━━━━━━━━━━━━━━━━━━━━━━━━━━━━━━━━━━━━[0m
[0;32m  ✅ 会话完成并通过验证，耗时: 473 秒[0m
[0;32m  进度: 10/18 完成, 8 待完成[0m
[0;32m━━━━━━━━━━━━━━━━━━━━━━━━━━━━━━━━━━━━━━━━━━━━━━━━━━[0m

[1m[0;36m╔══════════════════════════════════════════════════╗[0m
[1m[0;36m║[0m  [1m会话 2 / 18[0m
[1m[0;36m╠══════════════════════════════════════════════════╣[0m
[1m[0;36m║[0m  进度: 10/18 完成, 8 待完成
[1m[0;36m║[0m  目录: /home/alacrity/work/vibe/Kuro
[1m[0;36m╚══════════════════════════════════════════════════╝[0m


[0;32m━━━━━━━━━━━━━━━━━━━━━━━━━━━━━━━━━━━━━━━━━━━━━━━━━━[0m
[0;32m  ✅ 会话完成并通过验证，耗时: 195 秒[0m
[0;32m  进度: 11/18 完成, 7 待完成[0m
[0;32m━━━━━━━━━━━━━━━━━━━━━━━━━━━━━━━━━━━━━━━━━━━━━━━━━━[0m

[1m[0;36m╔══════════════════════════════════════════════════╗[0m
[1m[0;36m║[0m  [1m会话 3 / 18[0m
[1m[0;36m╠══════════════════════════════════════════════════╣[0m
[1m[0;36m║[0m  进度: 11/18 完成, 7 待完成
[1m[0;36m║[0m  目录: /home/alacrity/work/vibe/Kuro
[1m[0;36m╚══════════════════════════════════════════════════╝[0m


[0;32m━━━━━━━━━━━━━━━━━━━━━━━━━━━━━━━━━━━━━━━━━━━━━━━━━━[0m
[0;32m  ✅ 会话完成并通过验证，耗时: 447 秒[0m
[0;32m  进度: 12/18 完成, 6 待完成[0m
[0;32m━━━━━━━━━━━━━━━━━━━━━━━━━━━━━━━━━━━━━━━━━━━━━━━━━━[0m

[1m[0;36m╔══════════════════════════════════════════════════╗[0m
[1m[0;36m║[0m  [1m会话 4 / 18[0m
[1m[0;36m╠══════════════════════════════════════════════════╣[0m
[1m[0;36m║[0m  进度: 12/18 完成, 6 待完成
[1m[0;36m║[0m  目录: /home/alacrity/work/vibe/Kuro
[1m[0;36m╚══════════════════════════════════════════════════╝[0m

