
[1m[0;36m╔══════════════════════════════════════════════════╗[0m
[1m[0;36m║[0m  [1m会话 1 / 18[0m
[1m[0;36m╠══════════════════════════════════════════════════╣[0m
[1m[0;36m║[0m  进度: 0/18 完成, 18 待完成
[1m[0;36m║[0m  目录: /home/alacrity/work/vibe/Kuro
[1m[0;36m╚══════════════════════════════════════════════════╝[0m


[0;32m━━━━━━━━━━━━━━━━━━━━━━━━━━━━━━━━━━━━━━━━━━━━━━━━━━[0m
[0;32m  ✅ 会话完成并通过验证，耗时: 334 秒[0m
[0;32m  进度: 1/18 完成, 17 待完成[0m
[0;32m━━━━━━━━━━━━━━━━━━━━━━━━━━━━━━━━━━━━━━━━━━━━━━━━━━[0m

[1m[0;36m╔══════════════════════════════════════════════════╗[0m
[1m[0;36m║[0m  [1m会话 2 / 18[0m
[1m[0;36m╠══════════════════════════════════════════════════╣[0m
[1m[0;36m║[0m  进度: 1/18 完成, 17 待完成
[1m[0;36m║[0m  目录: /home/alacrity/work/vibe/Kuro
[1m[0;36m╚══════════════════════════════════════════════════╝[0m


[0;32m━━━━━━━━━━━━━━━━━━━━━━━━━━━━━━━━━━━━━━━━━━━━━━━━━━[0m
[0;32m  ✅ 会话完成并通过验证，耗时: 154 秒[0m
[0;32m  进度: 2/18 完成, 16 待完成[0m
[0;32m━━━━━━━━━━━━━━━━━━━━━━━━━━━━━━━━━━━━━━━━━━━━━━━━━━[0m

[1m[0;36m╔══════════════════════════════════════════════════╗[0m
[1m[0;36m║[0m  [1m会话 3 / 18[0m
[1m[0;36m╠══════════════════════════════════════════════════╣[0m
[1m[0;36m║[0m  进度: 2/18 完成, 16 待完成
[1m[0;36m║[0m  目录: /home/alacrity/work/vibe/Kuro
[1m[0;36m╚══════════════════════════════════════════════════╝[0m


[0;32m━━━━━━━━━━━━━━━━━━━━━━━━━━━━━━━━━━━━━━━━━━━━━━━━━━[0m
[0;32m  ✅ 会话完成并通过验证，耗时: 256 秒[0m
[0;32m  进度: 3/18 完成, 15 待完成[0m
[0;32m━━━━━━━━━━━━━━━━━━━━━━━━━━━━━━━━━━━━━━━━━━━━━━━━━━[0m

[1m[0;36m╔══════════════════════════════════════════════════╗[0m
[1m[0;36m║[0m  [1m会话 4 / 18[0m
[1m[0;36m╠══════════════════════════════════════════════════╣[0m
[1m[0;36m║[0m  进度: 3/18 完成, 15 待完成
[1m[0;36m║[0m  目录: /home/alacrity/work/vibe/Kuro
[1m[0;36m╚══════════════════════════════════════════════════╝[0m

