好的，我来执行启动例行检查，确认当前状态。## 状态确认

- **工作目录**: `/home/alacrity/work/vibe/Kuro`
- **当前分支**: `agent-harness`
- **进度**: Session 0 已完成初始化，所有功能尚未开始

## 下一步

优先级最高的未完成功能是 **FEAT-001: Initialize React project with Vite and TypeScript**

让我开始执行这个功能：项目创建成功！现在安装依赖：Attempt 1 failed. Retrying with backoff... Error: generate data error: fetch failed:other side closed
    at Hq.generateContentInternal (file:///home/alacrity/.npm-global/lib/node_modules/@iflow-ai/iflow-cli/bundle/iflow.js:952:17230)
    at process.processTicksAndRejections (node:internal/process/task_queues:105:5)
    at async file:///home/alacrity/.npm-global/lib/node_modules/@iflow-ai/iflow-cli/bundle/iflow.js:952:656
    ... 8 lines matching cause stack trace ...
    at async Ioo (file:///home/alacrity/.npm-global/lib/node_modules/@iflow-ai/iflow-cli/bundle/iflow.js:7330:9732) {
  [cause]: TypeError: fetch failed
      at node:internal/deps/undici/undici:13510:13
      at async Hq.generateContentInternal (file:///home/alacrity/.npm-global/lib/node_modules/@iflow-ai/iflow-cli/bundle/iflow.js:952:10406)
      at async file:///home/alacrity/.npm-global/lib/node_modules/@iflow-ai/iflow-cli/bundle/iflow.js:952:656
      at async Oh (file:///home/alacrity/.npm-global/lib/node_modules/@iflow-ai/iflow-cli/bundle/iflow.js:488:5256)
      at async Hq.generateContentLatency (file:///home/alacrity/.npm-global/lib/node_modules/@iflow-ai/iflow-cli/bundle/iflow.js:952:2984)
      at async lY (file:///home/alacrity/.npm-global/lib/node_modules/@iflow-ai/iflow-cli/bundle/iflow.js:3361:6725)
      at async W4e.sendMessageStream (file:///home/alacrity/.npm-global/lib/node_modules/@iflow-ai/iflow-cli/bundle/iflow.js:3361:12375)
      at async oY.run (file:///home/alacrity/.npm-global/lib/node_modules/@iflow-ai/iflow-cli/bundle/iflow.js:2577:40547)
      at async $O.<anonymous> (file:///home/alacrity/.npm-global/lib/node_modules/@iflow-ai/iflow-cli/bundle/iflow.js:3439:226)
      at async $O.sendMessageStream (file:///home/alacrity/.npm-global/lib/node_modules/@iflow-ai/iflow-cli/bundle/iflow.js:3439:879)
      at async mio (file:///home/alacrity/.npm-global/lib/node_modules/@iflow-ai/iflow-cli/bundle/iflow.js:7284:452)
      at async Ioo (file:///home/alacrity/.npm-global/lib/node_modules/@iflow-ai/iflow-cli/bundle/iflow.js:7330:9732) {
    [cause]: SocketError: other side closed
        at TLSSocket.<anonymous> (node:internal/deps/undici/undici:6294:28)
        at TLSSocket.emit (node:events:531:35)
        at endReadableNT (node:internal/streams/readable:1698:12)
        at process.processTicksAndRejections (node:internal/process/task_queues:90:21) {
      code: 'UND_ERR_SOCKET',
      socket: [Object]
    }
  }
}
依赖安装成功！现在运行构建验证：✅ **构建成功！** 现在提交代码并更新进度：现在更新功能列表和进度文件：---

## 会话摘要

### ✅ 完成的工作

| 项目 | 状态 |
|------|------|
| **FEAT-001**: Initialize React project with Vite and TypeScript | ✅ 完成 |

**具体操作**:
1. 创建 Vite + React + TypeScript 项目 (`frontend/`)
2. 安装依赖 (176 packages)
3. 构建验证成功 (`npm run build` - 602ms, 32 modules)
4. Git 提交: `a9a144e` - feat: initialize React + TypeScript + Vite project
5. 更新功能列表和进度文件

### 构建验证结果

```
✓ built in 602ms
dist/index.html                   0.46 kB
dist/assets/index-COcDBgFa.css    1.38 kB
dist/assets/index-DWyDJMmB.js   193.91 kB
```

**状态: 成功 ✅**

### 下一步建议

下一个优先级最高的功能是 **FEAT-002**: Install core dependencies (React Flow, ECharts, Zustand, TanStack Query)

<Execution Info>
{
  "session-id": "session-a761ae01-12b6-418f-ba00-375d9d476ad5",
  "conversation-id": "fe4b51af-06ab-48d0-bd9a-bd1f4f6efc4c",
  "assistantRounds": 13,
  "executionTimeMs": 329056,
  "tokenUsage": {
    "input": 29051,
    "output": 239,
    "total": 29290
  }
}
</Execution Info>
