我来开始例行检查，了解项目当前状态。好的，我已了解当前状态。已完成 FEAT-001 到 FEAT-013，下一个待完成的功能是 **FEAT-014: Configure production build and verify**。

让我创建任务列表并开始执行：构建成功！现在运行单元测试：所有 23 个测试通过！现在预览生产构建：生产构建预览服务器启动成功！所有功能验证完成。现在更新功能列表并提交代码：现在更新进度文件并提交代码：现在提交代码：---

## 会话摘要

### 完成的工作
**FEAT-014 - Configure production build and verify** ✅

| 验证项 | 结果 |
|--------|------|
| 生产构建 | ✓ 534 modules, 1.33s |
| 单元测试 | ✓ 23 tests passed |
| 预览服务 | ✓ localhost:4173 |

### 构建验证结果
- **成功** - 所有验证通过
- Git 提交: `9dc486a` - "feat: verify production build configuration (FEAT-014)"

### 项目进度
- 已完成: **14/18** 功能 (FEAT-001 ~ FEAT-014)
- 下一步: **FEAT-015** - Node Local View (显示单个节点的局部视图)

<Execution Info>
{
  "session-id": "session-e2665f2b-613f-4d3b-8209-9909dd479aaa",
  "conversation-id": "93fd4f8c-8edd-416b-be4b-ea9c7c046d72",
  "assistantRounds": 16,
  "executionTimeMs": 144948,
  "tokenUsage": {
    "input": 46896,
    "output": 176,
    "total": 47072
  }
}
</Execution Info>
