好的，我来执行启动例行检查。## 启动例行检查完成

**当前状态**:
- 工作目录: `/home/alacrity/work/vibe/Kuro`
- 当前分支: `agent-harness`
- 已完成功能: 16/18 (FEAT-001 ~ FEAT-016)

**下一个待处理功能**:
| ID | 描述 | 优先级 |
|---|---|---|
| FEAT-017 | TSN Mode - Time-Sensitive Networking support | low |
| FEAT-018 | Topology Export/Import functionality | medium |

根据优先级，**FEAT-018 (Topology Export/Import)** 优先级为 medium，高于 FEAT-017 (low)，应该先处理 FEAT-018。

## 开始实现 FEAT-018: Topology Export/Import functionality

**功能需求**:
- 添加 "Export" 按钮下载拓扑为 YAML 文件
- 添加 "Import" 按钮上传 YAML 文件
- 验证导入的 YAML 并显示错误
- 确保导出/导入功能正常工作让我先查看现有的相关文件，了解当前的拓扑数据结构和页面实现：现在我了解了项目结构。我需要：

1. **Export 功能**: 在 TopologyList 和 TopologyDetail 页面添加导出按钮
2. **Import 功能**: 在 TopologyList 页面添加导入按钮

让我先查看 TopologyList 页面：现在我了解了代码结构。让我创建导入/导出功能。我将：

1. 创建一个 `utils/topologyYaml.ts` 工具文件用于导出/导入 YAML
2. 更新 `TopologyList.tsx` 添加导入和导出按钮
3. 更新 `TopologyDetail.tsx` 添加导出按钮现在更新 TopologyList.tsx 添加导出和导入按钮：现在更新 CSS 文件添加新样式：现在更新 TopologyCreate.tsx 以支持导入的拓扑数据：现在更新 todo 状态并测试构建：构建成功！现在运行测试：所有测试通过！现在更新功能列表和提交代码：