好的，让我开始执行例行检查。## 📋 会话状态

**当前进度**: FEAT-001 ~ FEAT-004 已完成 ✅

**下一个功能**: **FEAT-005** - Create TopologyCanvas component with React Flow

让我创建任务列表并开始实现：首先，让我查看现有的 API 类型和 mock 数据，了解数据结构：现在我了解了数据结构。让我查看现有的 Layout 组件和 App.tsx，以便正确集成新组件：现在让我查看 CSS 文件和 Sidebar 组件：首先安装 dagre 用于自动布局：Attempt 1 failed. Retrying with backoff... Error: generate data error: fetch failed:other side closed
    at Hq.generateContentInternal (file:///home/alacrity/.npm-global/lib/node_modules/@iflow-ai/iflow-cli/bundle/iflow.js:952:17230)
    at process.processTicksAndRejections (node:internal/process/task_queues:105:5)
    at async file:///home/alacrity/.npm-global/lib/node_modules/@iflow-ai/iflow-cli/bundle/iflow.js:952:656
    ... 8 lines matching cause stack trace ...
    at async Ioo (file:///home/alacrity/.npm-global/lib/node_modules/@iflow-ai/iflow-cli/bundle/iflow.js:7330:9732) {
  [cause]: TypeError: fetch failed
      at node:internal/deps/undici/undici:13510:13
      at async Hq.generateContentInternal (file:///home/alacrity/.npm-global/lib/node_modules/@iflow-ai/iflow-cli/bundle/iflow.js:952:10406)
      at async file:///home/alacrity/.npm-global/lib/node_modules/@iflow-ai/iflow-cli/bundle/iflow.js:952:656
      at async Oh (file:///home/alacrity/.npm-global/lib/node_modules/@iflow-ai/iflow-cli/bundle/iflow.js:488:5256)
      at async Hq.generateContentLatency (file:///home/alacrity/.npm-global/lib/node_modules/@iflow-ai/iflow-cli/bundle/iflow.js:952:2984)
      at async lY (file:///home/alacrity/.npm-global/lib/node_modules/@iflow-ai/iflow-cli/bundle/iflow.js:3361:6725)
      at async W4e.sendMessageStream (file:///home/alacrity/.npm-global/lib/node_modules/@iflow-ai/iflow-cli/bundle/iflow.js:3361:12375)
      at async oY.run (file:///home/alacrity/.npm-global/lib/node_modules/@iflow-ai/iflow-cli/bundle/iflow.js:2577:40547)
      at async $O.<anonymous> (file:///home/alacrity/.npm-global/lib/node_modules/@iflow-ai/iflow-cli/bundle/iflow.js:3439:226)
      at async $O.sendMessageStream (file:///home/alacrity/.npm-global/lib/node_modules/@iflow-ai/iflow-cli/bundle/iflow.js:3439:879)
      at async mio (file:///home/alacrity/.npm-global/lib/node_modules/@iflow-ai/iflow-cli/bundle/iflow.js:7284:452)
      at async Ioo (file:///home/alacrity/.npm-global/lib/node_modules/@iflow-ai/iflow-cli/bundle/iflow.js:7330:9732) {
    [cause]: SocketError: other side closed
        at TLSSocket.<anonymous> (node:internal/deps/undici/undici:6294:28)
        at TLSSocket.emit (node:events:531:35)
        at endReadableNT (node:internal/streams/readable:1698:12)
        at process.processTicksAndRejections (node:internal/process/task_queues:90:21) {
      code: 'UND_ERR_SOCKET',
      socket: [Object]
    }
  }
}
现在创建 topology 组件目录和所有必要的文件。让我一次性创建所有文件：现在更新 App.tsx 以显示 TopologyCanvas 组件，使用 mock 数据进行验证：更新 App.css 以支持新的布局：现在运行构建验证：Error executing tool run_shell_command: 
> frontend@0.0.0 build
> tsc -b && vite build

src/components/topology/TopologyCanvas.tsx(11,8): error TS6133: 'OnNodesChange' is declared but its value is never read.
src/components/topology/TopologyCanvas.tsx(12,8): error TS6133: 'OnEdgesChange' is declared but its value is never read.
src/components/topology/TopologyCanvas.tsx(225,21): error TS18048: 'edge.data' is possibly 'undefined'.

修复 TypeScript 错误：重新运行构建：构建成功！现在提交代码：现在更新功能列表和进度文件：---

## 📋 会话摘要

### ✅ 完成的工作

**FEAT-005 - Create TopologyCanvas component with React Flow**

1. **安装依赖**: `dagre @types/dagre` (4 packages)
2. **创建组件**:
   - `TopologyCanvas.tsx` - 主拓扑画布组件，集成 React Flow
   - `NodeCard.tsx` - 自定义节点卡片，显示角色图标、名称、IP、状态
   - 对应的 CSS 样式文件

3. **功能实现**:
   - 自动布局
   - 节点角色图标 (drone 🚁, ground-station 📡, gateway 🔀, server 🖥️, client 💻)
   - 状态指示器
   - 边标签显示带宽
   - 节点/边选择和点击事件

### ✅ 构建验证结果

```
vite v7.3.1 building client environment for production...
✓ 507 modules transformed.
✓ built in 1.17s
```

**状态**: 成功 ✓

### 📌 Git 提交

- `57b41a2` - feat: create TopologyCanvas component with React Flow (FEAT-005)

### 🎯 下一步建议

**FEAT-006** - Create Dashboard page with topology summary
- 创建 pages/Dashboard.tsx
- 显示拓扑统计信息
- 添加快速操作面板

<Execution Info>
{
  "session-id": "session-be64a337-f5a6-4e3a-9c12-71d28cbaf2eb",
  "conversation-id": "027f7b9b-af79-48b4-9968-c2c27fe5de62",
  "assistantRounds": 23,
  "executionTimeMs": 391463,
  "tokenUsage": {
    "input": 43756,
    "output": 320,
    "total": 44076
  }
}
</Execution Info>
