我将执行启动例行检查，确认当前状态。状态确认完成。下一个待完成的功能是 **FEAT-006: Create Dashboard page with topology summary**。

让我开始实现这个功能。现在我了解了项目结构。让我创建 Dashboard 页面组件。现在创建 Dashboard 页面组件和样式：现在更新 App.tsx 来集成 Dashboard：现在需要更新 Layout 组件以接受这些 props，并更新类型文件：Layout 组件已经支持这些 props，但需要更新接口以匹配 App.tsx 中的用法。同时需要在 types/api.ts 中导出 MenuItem 类型：现在需要在 types/api.ts 中导出 MenuItem 类型：现在运行构建验证：构建成功！现在提交代码并更新功能列表：现在更新功能列表和进度文件：## 会话摘要

### 完成的工作

**FEAT-006: Create Dashboard page with topology summary** ✅

1. 创建 `pages/Dashboard.tsx` - Dashboard 页面组件
   - 统计卡片：总节点数、拓扑数、流量控制数、健康状态
   - 拓扑状态列表：显示所有拓扑及其状态
   - 快速操作面板：创建拓扑、添加流量控制、查看拓扑、查看指标
   - 阶段摘要：Running/Pending/Failed/Succeeded 统计

2. 创建 `pages/Dashboard.css` - 响应式样式

3. 更新 `App.tsx` - 集成 Dashboard，添加侧边栏导航

4. 更新 `Layout.tsx` - 更新 props 接口

5. 更新 `types/api.ts` - 添加 MenuItem 类型

### 构建验证结果

**成功** ✓
```
vite v7.3.1 building client environment for production...
✓ 510 modules transformed.
✓ built in 1.17s
```

### Git 提交

- `2de79fa` - feat: create Dashboard page with topology summary (FEAT-006)
- `c4f589f` - docs: update progress for FEAT-006 completion

### 下一步建议

**FEAT-007: Create TopologyList page** - 创建拓扑列表页面，显示所有拓扑的表格/卡片视图，支持创建/删除操作。

<Execution Info>
{
  "session-id": "session-e1aabcc9-994b-4b41-9a0d-1806a715f740",
  "conversation-id": "71c9b4bb-ad55-4b44-b17b-49f77b5ea251",
  "assistantRounds": 19,
  "executionTimeMs": 307193,
  "tokenUsage": {
    "input": 44543,
    "output": 327,
    "total": 44870
  }
}
</Execution Info>
