好的，我来执行例行检查，了解当前项目状态和进度。我已了解项目状态：

**当前进度**:
- 已完成 FEAT-001 到 FEAT-012 (12/18 个功能)
- 下一个功能: **FEAT-013 - Add unit tests for core components**

让我开始实现 FEAT-013，为核心组件添加单元测试。依赖已安装，现在我需要配置 vitest。让我先查看现有的 vite 配置：配置已存在，让我检查测试设置文件：配置已完成，现在让我查看需要测试的组件：现在创建测试文件。首先创建 TopologyCanvas 的测试：Error executing tool run_shell_command: 
> frontend@0.0.0 test
> vitest --run


 RUN  v4.0.18 /home/alacrity/work/vibe/Kuro/frontend

 ❯ src/components/topology/TopologyCanvas.test.tsx (9 tests | 9 failed) 31ms
     × renders without crashing 17ms
     × displays the correct number of nodes 2ms
     × displays the correct number of edges 2ms
     × renders with empty nodes and links 1ms
     × calls onNodeClick when a node is clicked 2ms
     × calls onEdgeClick when an edge is clicked 1ms
     × applies custom className 1ms
     × renders Background, Controls, and MiniMap by default 1ms
     × hides MiniMap when showMiniMap is false 2ms
 ❯ src/components/TrafficControlPanel.test.tsx (14 tests | 3 failed) 484ms
     ✓ renders empty state when no link is provided 23ms
     ✓ renders link info when link is provided 15ms
     ✓ displays all four sliders 8ms
     ✓ parses and displays initial policy values from link 7ms
     ✓ shows preview of current policy 6ms
     ✓ disables Apply Changes button when no changes 99ms
     ✓ enables Apply Changes button when values change 67ms
     ✓ shows unsaved changes message when values are modified 29ms
     ✓ calls onSave with correct parameters 45ms
     ✓ calls onReset when Reset button is clicked 44ms
     × calls onClose when close button is clicked 97ms
     ✓ does not show close button when onClose is not provided 13ms
     × resets to default values for link without policy 4ms
     × formats bandwidth correctly for values >= 1000 Mbps 25ms

 Test Files  2 failed (2)
      Tests  12 failed | 11 passed (23)
   Start at  18:22:47
   Duration  1.18s (transform 177ms, setup 95ms, import 288ms, tests 515ms, environment 732ms)



⎯⎯⎯⎯⎯⎯ Failed Tests 12 ⎯⎯⎯⎯⎯⎯⎯

 FAIL  src/components/TrafficControlPanel.test.tsx > TrafficControlPanel > calls onClose when close button is clicked
TestingLibraryElementError: Unable to find an accessible element with the role "button" and name "Close"

Here are the accessible roles:

  heading:

  Name "Traffic Control":
  <h3
    class="tcp-title"
  />

  --------------------------------------------------
  button:

  Name "×":
  <button
    class="tcp-close"
    title="Close"
  />

  Name "Reset":
  <button
    class="tcp-btn tcp-btn--secondary"
  />

  Name "Apply Changes":
  <button
    class="tcp-btn tcp-btn--primary"
    disabled=""
  />

  --------------------------------------------------
  slider:

  Name "":
  <input
    class="tc-slider__input"
    max="1000"
    min="0.1"
    step="0.1"
    type="range"
    value="10"
  />

  Name "":
  <input
    class="tc-slider__input"
    max="1000"
    min="0"
    step="1"
    type="range"
    value="50"
  />

  Name "":
  <input
    class="tc-slider__input"
    max="500"
    min="0"
    step="1"
    type="range"
    value="10"
  />

  Name "":
  <input
    class="tc-slider__input"
    max="100"
    min="0"
    step="0.1"
    type="range"
    value="0.5"
  />

  --------------------------------------------------
  code:

  Name "":
  <code
    class="tcp-preview__code"
  />

  --------------------------------------------------

Ignored nodes: comments, script, style
<body>
  <div>
    <div
      class="traffic-control-panel"
    >
      <div
        class="tcp-header"
      >
        <h3
          class="tcp-title"
        >
          Traffic Control
        </h3>
        <button
          class="tcp-close"
          title="Close"
        >
          ×
        </button>
      </div>
      <div
        class="tcp-link-info"
      >
        <span
          class="tcp-link-info__label"
        >
          Link:
        </span>
        <span
          class="tcp-link-info__value"
        >
          node-1
           → 
          node-2
        </span>
      </div>
      <div
        class="tcp-sliders"
      >
        <div
          class="tc-slider "
        >
          <div
            class="tc-slider__header"
          >
            <span
              class="tc-slider__label"
            >
              Bandwidth
            </span>
            <span
              class="tc-slider__value"
            >
              10.0 Mbps
            </span>
          </div>
          <input
            class="tc-slider__input"
            max="1000"
            min="0.1"
            step="0.1"
            type="range"
            value="10"
          />
          <div
            class="tc-slider__bounds"
          >
            <span>
              0.1 Mbps
            </span>
            <span>
              1.0 Gbps
            </span>
          </div>
        </div>
        <div
          class="tc-slider "
        >
          <div
            class="tc-slider__header"
          >
            <span
              class="tc-slider__label"
            >
              Latency
            </span>
            <span
              class="tc-slider__value"
            >
              50 ms
            </span>
          </div>
          <input
            class="tc-slider__input"
            max="1000"
            min="0"
            step="1"
            type="range"
            value="50"
          />
          <div
            class="tc-slider__bounds"
          >
            <span>
              0 ms
            </span>
            <span>
              1000 ms
            </span>
          </div>
        </div>
        <div
          class="tc-slider "
        >
          <div
            class="tc-slider__header"
          >
            <span
              class="tc-slider__label"
            >
              Jitter
            </span>
            <span
              class="tc-slider__value"
            >
              10 ms
            </span>
          </div>
          <input
            class="tc-slider__input"
            max="500"
            min="0"
            step="1"
            type="range"
            value="10"
          />
          <div
            class="tc-slider__bounds"
          >
            <span>
              0 ms
            </span>
            <span>
              500 ms
            </span>
          </div>
        </div>
        <div
          class="tc-slider "
        >
          <div
            class="tc-slider__header"
          >
            <span
              class="tc-slider__label"
            >
              Packet Loss
            </span>
            <span
              class="tc-slider__value"
            >
              0.5%
            </span>
          </div>
          <input
            class="tc-slider__input"
            max="100"
            min="0"
            step="0.1"
            type="range"
            value="0.5"
          />
          <div
            class="tc-slider__bounds"
          >
            <span>
              0.0%
            </span>
            <span>
              100.0%
            </span>
          </div>
        </div>
      </div>
      <div
        class="tcp-preview"
      >
        <span
          class="tcp-preview__label"
        >
          Preview:
        </span>
        <code
          class="tcp-preview__code"
        >
          10.0Mbps
          , 
          50ms
          , 
          10ms
          , 
          0.5%
        </code>
      </div>
      <div
        class="tcp-actions"
      >
        <button
          class="tcp-btn tcp-btn--secondary"
        >
          Reset
        </button>
        <button
          class="tcp-btn tcp-btn--primary"
          disabled=""
        >
          Apply Changes
        </button>
      </div>
    </div>
  </div>
</body>
 ❯ Object.getElementError node_modules/@testing-library/dom/dist/config.js:37:19
 ❯ node_modules/@testing-library/dom/dist/query-helpers.js:76:38
 ❯ node_modules/@testing-library/dom/dist/query-helpers.js:52:17
 ❯ node_modules/@testing-library/dom/dist/query-helpers.js:95:19
 ❯ src/components/TrafficControlPanel.test.tsx:152:32
    150|     );
    151|     
    152|     const closeButton = screen.getByRole('button', { name: 'Close' });
       |                                ^
    153|     await user.click(closeButton);
    154|     

⎯⎯⎯⎯⎯⎯⎯⎯⎯⎯⎯⎯⎯⎯⎯⎯⎯⎯⎯⎯⎯⎯⎯[1/12]⎯

 FAIL  src/components/TrafficControlPanel.test.tsx > TrafficControlPanel > resets to default values for link without policy
TestingLibraryElementError: Found multiple elements with the text: 0 ms

Here are the matching elements:

Ignored nodes: comments, script, style
<span
  class="tc-slider__value"
>
  0 ms
</span>

Ignored nodes: comments, script, style
<span>
  0 ms
</span>

Ignored nodes: comments, script, style
<span
  class="tc-slider__value"
>
  0 ms
</span>

Ignored nodes: comments, script, style
<span>
  0 ms
</span>

(If this is intentional, then use the `*AllBy*` variant of the query (like `queryAllByText`, `getAllByText`, or `findAllByText`)).

Ignored nodes: comments, script, style
<body>
  <div>
    <div
      class="traffic-control-panel"
    >
      <div
        class="tcp-header"
      >
        <h3
          class="tcp-title"
        >
          Traffic Control
        </h3>
      </div>
      <div
        class="tcp-link-info"
      >
        <span
          class="tcp-link-info__label"
        >
          Link:
        </span>
        <span
          class="tcp-link-info__value"
        >
          node-1
           → 
          node-2
        </span>
      </div>
      <div
        class="tcp-sliders"
      >
        <div
          class="tc-slider "
        >
          <div
            class="tc-slider__header"
          >
            <span
              class="tc-slider__label"
            >
              Bandwidth
            </span>
            <span
              class="tc-slider__value"
            >
              10.0 Mbps
            </span>
          </div>
          <input
            class="tc-slider__input"
            max="1000"
            min="0.1"
            step="0.1"
            type="range"
            value="10"
          />
          <div
            class="tc-slider__bounds"
          >
            <span>
              0.1 Mbps
            </span>
            <span>
              1.0 Gbps
            </span>
          </div>
        </div>
        <div
          class="tc-slider "
        >
          <div
            class="tc-slider__header"
          >
            <span
              class="tc-slider__label"
            >
              Latency
            </span>
            <span
              class="tc-slider__value"
            >
              0 ms
            </span>
          </div>
          <input
            class="tc-slider__input"
            max="1000"
            min="0"
            step="1"
            type="range"
            value="0"
          />
          <div
            class="tc-slider__bounds"
          >
            <span>
              0 ms
            </span>
            <span>
              1000 ms
            </span>
          </div>
        </div>
        <div
          class="tc-slider "
        >
          <div
            class="tc-slider__header"
          >
            <span
              class="tc-slider__label"
            >
              Jitter
            </span>
            <span
              class="tc-slider__value"
            >
              0 ms
            </span>
          </div>
          <input
            class="tc-slider__input"
            max="500"
            min="0"
            step="1"
            type="range"
            value="0"
          />
          <div
            class="tc-slider__bounds"
          >
            <span>
              0 ms
            </span>
            <span>
              500 ms
            </span>
          </div>
        </div>
        <div
          class="tc-slider "
        >
          <div
            class="tc-slider__header"
          >
            <span
              class="tc-slider__label"
            >
              Packet Loss
            </span>
            <span
              class="tc-slider__value"
            >
              0.0%
            </span>
          </div>
          <input
            class="tc-slider__input"
            max="100"
            min="0"
            step="0.1"
            type="range"
            value="0"
          />
          <div
            class="tc-slider__bounds"
          >
            <span>
              0.0%
            </span>
            <span>
              100.0%
            </span>
          </div>
        </div>
      </div>
      <div
        class="tcp-preview"
      >
        <span
          class="tcp-preview__label"
        >
          Preview:
        </span>
        <code
          class="tcp-preview__code"
        >
          10.0Mbps
          , 
          0ms
          , 
          0ms
          , 
          0.0%
        </code>
      </div>
      <div
        class="tcp-actions"
      >
        <button
          class="tcp-btn tcp-btn--secondary"
          disabled=""
        >
          Reset
        </button>
        <button
          class="tcp-btn tcp-btn--primary"
          disabled=""
        >
          Apply Changes
        </button>
      </div>
    </div>
  </div>
</body>
 ❯ Object.getElementError node_modules/@testing-library/dom/dist/config.js:37:19
 ❯ getElementError node_modules/@testing-library/dom/dist/query-helpers.js:20:35
 ❯ getMultipleElementsFoundError node_modules/@testing-library/dom/dist/query-helpers.js:23:10
 ❯ node_modules/@testing-library/dom/dist/query-helpers.js:55:13
 ❯ node_modules/@testing-library/dom/dist/query-helpers.js:95:19
 ❯ src/components/TrafficControlPanel.test.tsx:176:19
    174|     // Should show default values (10 Mbps, 0ms, 0ms, 0%)
    175|     expect(screen.getByText('10.0 Mbps')).toBeInTheDocument();
    176|     expect(screen.getByText('0 ms')).toBeInTheDocument();
       |                   ^
    177|   });
    178| 

⎯⎯⎯⎯⎯⎯⎯⎯⎯⎯⎯⎯⎯⎯⎯⎯⎯⎯⎯⎯⎯⎯⎯[2/12]⎯

 FAIL  src/components/TrafficControlPanel.test.tsx > TrafficControlPanel > formats bandwidth correctly for values >= 1000 Mbps
TestingLibraryElementError: Unable to find an element with the text: 1.5 Gbps. This could be because the text is broken up by multiple elements. In this case, you can provide a function for your text matcher to make your matcher more flexible.

Ignored nodes: comments, script, style
<body>
  <div>
    <div
      class="traffic-control-panel"
    >
      <div
        class="tcp-header"
      >
        <h3
          class="tcp-title"
        >
          Traffic Control
        </h3>
      </div>
      <div
        class="tcp-link-info"
      >
        <span
          class="tcp-link-info__label"
        >
          Link:
        </span>
        <span
          class="tcp-link-info__value"
        >
          node-1
           → 
          node-2
        </span>
      </div>
      <div
        class="tcp-sliders"
      >
        <div
          class="tc-slider "
        >
          <div
            class="tc-slider__header"
          >
            <span
              class="tc-slider__label"
            >
              Bandwidth
            </span>
            <span
              class="tc-slider__value"
            >
              1.0 Gbps
            </span>
          </div>
          <input
            class="tc-slider__input"
            max="1000"
            min="0.1"
            step="0.1"
            type="range"
            value="1000"
          />
          <div
            class="tc-slider__bounds"
          >
            <span>
              0.1 Mbps
            </span>
            <span>
              1.0 Gbps
            </span>
          </div>
        </div>
        <div
          class="tc-slider "
        >
          <div
            class="tc-slider__header"
          >
            <span
              class="tc-slider__label"
            >
              Latency
            </span>
            <span
              class="tc-slider__value"
            >
              50 ms
            </span>
          </div>
          <input
            class="tc-slider__input"
            max="1000"
            min="0"
            step="1"
            type="range"
            value="50"
          />
          <div
            class="tc-slider__bounds"
          >
            <span>
              0 ms
            </span>
            <span>
              1000 ms
            </span>
          </div>
        </div>
        <div
          class="tc-slider "
        >
          <div
            class="tc-slider__header"
          >
            <span
              class="tc-slider__label"
            >
              Jitter
            </span>
            <span
              class="tc-slider__value"
            >
              10 ms
            </span>
          </div>
          <input
            class="tc-slider__input"
            max="500"
            min="0"
            step="1"
            type="range"
            value="10"
          />
          <div
            class="tc-slider__bounds"
          >
            <span>
              0 ms
            </span>
            <span>
              500 ms
            </span>
          </div>
        </div>
        <div
          class="tc-slider "
        >
          <div
            class="tc-slider__header"
          >
            <span
              class="tc-slider__label"
            >
              Packet Loss
            </span>
            <span
              class="tc-slider__value"
            >
              0.5%
            </span>
          </div>
          <input
            class="tc-slider__input"
            max="100"
            min="0"
            step="0.1"
            type="range"
            value="0.5"
          />
          <div
            class="tc-slider__bounds"
          >
            <span>
              0.0%
            </span>
            <span>
              100.0%
            </span>
          </div>
        </div>
      </div>
      <div
        class="tcp-preview"
      >
        <span
          class="tcp-preview__label"
        >
          Preview:
        </span>
        <code
          class="tcp-preview__code"
        >
          1.0Gbps
          , 
          50ms
          , 
          10ms
          , 
          0.5%
        </code>
      </div>
      <div
        class="tcp-actions"
      >
        <button
          class="tcp-btn tcp-btn--secondary"
        >
          Reset
        </button>
        <button
          class="tcp-btn tcp-btn--primary"
        >
          Apply Changes
        </button>
      </div>
      <div
        class="tcp-unsaved"
      >
        You have unsaved changes
      </div>
    </div>
  </div>
</body>
 ❯ Object.getElementError node_modules/@testing-library/dom/dist/config.js:37:19
 ❯ node_modules/@testing-library/dom/dist/query-helpers.js:76:38
 ❯ node_modules/@testing-library/dom/dist/query-helpers.js:52:17
 ❯ node_modules/@testing-library/dom/dist/query-helpers.js:95:19
 ❯ src/components/TrafficControlPanel.test.tsx:187:19
    185|     
    186|     // Should show Gbps format
    187|     expect(screen.getByText('1.5 Gbps')).toBeInTheDocument();
       |                   ^
    188|   });
    189| });

⎯⎯⎯⎯⎯⎯⎯⎯⎯⎯⎯⎯⎯⎯⎯⎯⎯⎯⎯⎯⎯⎯⎯[3/12]⎯

 FAIL  src/components/topology/TopologyCanvas.test.tsx > TopologyCanvas > renders without crashing
 FAIL  src/components/topology/TopologyCanvas.test.tsx > TopologyCanvas > displays the correct number of nodes
 FAIL  src/components/topology/TopologyCanvas.test.tsx > TopologyCanvas > displays the correct number of edges
 FAIL  src/components/topology/TopologyCanvas.test.tsx > TopologyCanvas > renders with empty nodes and links
 FAIL  src/components/topology/TopologyCanvas.test.tsx > TopologyCanvas > calls onNodeClick when a node is clicked
 FAIL  src/components/topology/TopologyCanvas.test.tsx > TopologyCanvas > calls onEdgeClick when an edge is clicked
 FAIL  src/components/topology/TopologyCanvas.test.tsx > TopologyCanvas > applies custom className
 FAIL  src/components/topology/TopologyCanvas.test.tsx > TopologyCanvas > renders Background, Controls, and MiniMap by default
 FAIL  src/components/topology/TopologyCanvas.test.tsx > TopologyCanvas > hides MiniMap when showMiniMap is false
Error: [vitest] No "ReactFlow" export is defined on the "reactflow" mock. Did you forget to return it from "vi.mock"?
If you need to partially mock a module, you can use "importOriginal" helper inside:

vi.mock(import("reactflow"), async (importOriginal) => {
  const actual = await importOriginal()
  return {
    ...actual,
    // your mocked methods
  }
})

 ❯ TopologyCanvas src/components/topology/TopologyCanvas.tsx:248:8
    246|   return (
    247|     <div className={`topology-canvas ${className || ''}`}>
    248|       <ReactFlow
       |        ^
    249|         nodes={nodes}
    250|         edges={edges}
 ❯ Object.react_stack_bottom_frame node_modules/react-dom/cjs/react-dom-client.development.js:25904:20
 ❯ renderWithHooks node_modules/react-dom/cjs/react-dom-client.development.js:7662:22
 ❯ updateFunctionComponent node_modules/react-dom/cjs/react-dom-client.development.js:10166:19
 ❯ beginWork node_modules/react-dom/cjs/react-dom-client.development.js:11778:18
 ❯ runWithFiberInDEV node_modules/react-dom/cjs/react-dom-client.development.js:874:13
 ❯ performUnitOfWork node_modules/react-dom/cjs/react-dom-client.development.js:17641:22
 ❯ workLoopSync node_modules/react-dom/cjs/react-dom-client.development.js:17469:41

⎯⎯⎯⎯⎯⎯⎯⎯⎯⎯⎯⎯⎯⎯⎯⎯⎯⎯⎯⎯⎯⎯⎯[4/12]⎯


测试有一些失败，需要修复。让我修复这些问题：现在修复 TopologyCanvas 测试的 mock 问题：Error executing tool run_shell_command: 
> frontend@0.0.0 test
> vitest --run


 RUN  v4.0.18 /home/alacrity/work/vibe/Kuro/frontend

 ✓ src/components/topology/TopologyCanvas.test.tsx (9 tests) 49ms
 ❯ src/components/TrafficControlPanel.test.tsx (14 tests | 1 failed) 416ms
     ✓ renders empty state when no link is provided 28ms
     ✓ renders link info when link is provided 16ms
     ✓ displays all four sliders 8ms
     ✓ parses and displays initial policy values from link 8ms
     ✓ shows preview of current policy 7ms
     ✓ disables Apply Changes button when no changes 102ms
     ✓ enables Apply Changes button when values change 64ms
     ✓ shows unsaved changes message when values are modified 29ms
     ✓ calls onSave with correct parameters 44ms
     ✓ calls onReset when Reset button is clicked 44ms
     ✓ calls onClose when close button is clicked 18ms
     ✓ does not show close button when onClose is not provided 14ms
     ✓ resets to default values for link without policy 3ms
     × formats bandwidth correctly for values >= 1000 Mbps 29ms

 Test Files  1 failed | 1 passed (2)
      Tests  1 failed | 22 passed (23)
   Start at  18:23:49
   Duration  1.16s (transform 127ms, setup 81ms, import 277ms, tests 465ms, environment 848ms)



⎯⎯⎯⎯⎯⎯⎯ Failed Tests 1 ⎯⎯⎯⎯⎯⎯⎯

 FAIL  src/components/TrafficControlPanel.test.tsx > TrafficControlPanel > formats bandwidth correctly for values >= 1000 Mbps
TestingLibraryElementError: Found multiple elements with the text: 1.0 Gbps

Here are the matching elements:

Ignored nodes: comments, script, style
<span
  class="tc-slider__value"
>
  1.0 Gbps
</span>

Ignored nodes: comments, script, style
<span>
  1.0 Gbps
</span>

(If this is intentional, then use the `*AllBy*` variant of the query (like `queryAllByText`, `getAllByText`, or `findAllByText`)).

Ignored nodes: comments, script, style
<body>
  <div>
    <div
      class="traffic-control-panel"
    >
      <div
        class="tcp-header"
      >
        <h3
          class="tcp-title"
        >
          Traffic Control
        </h3>
      </div>
      <div
        class="tcp-link-info"
      >
        <span
          class="tcp-link-info__label"
        >
          Link:
        </span>
        <span
          class="tcp-link-info__value"
        >
          node-1
           → 
          node-2
        </span>
      </div>
      <div
        class="tcp-sliders"
      >
        <div
          class="tc-slider "
        >
          <div
            class="tc-slider__header"
          >
            <span
              class="tc-slider__label"
            >
              Bandwidth
            </span>
            <span
              class="tc-slider__value"
            >
              1.0 Gbps
            </span>
          </div>
          <input
            class="tc-slider__input"
            max="1000"
            min="0.1"
            step="0.1"
            type="range"
            value="1000"
          />
          <div
            class="tc-slider__bounds"
          >
            <span>
              0.1 Mbps
            </span>
            <span>
              1.0 Gbps
            </span>
          </div>
        </div>
        <div
          class="tc-slider "
        >
          <div
            class="tc-slider__header"
          >
            <span
              class="tc-slider__label"
            >
              Latency
            </span>
            <span
              class="tc-slider__value"
            >
              50 ms
            </span>
          </div>
          <input
            class="tc-slider__input"
            max="1000"
            min="0"
            step="1"
            type="range"
            value="50"
          />
          <div
            class="tc-slider__bounds"
          >
            <span>
              0 ms
            </span>
            <span>
              1000 ms
            </span>
          </div>
        </div>
        <div
          class="tc-slider "
        >
          <div
            class="tc-slider__header"
          >
            <span
              class="tc-slider__label"
            >
              Jitter
            </span>
            <span
              class="tc-slider__value"
            >
              10 ms
            </span>
          </div>
          <input
            class="tc-slider__input"
            max="500"
            min="0"
            step="1"
            type="range"
            value="10"
          />
          <div
            class="tc-slider__bounds"
          >
            <span>
              0 ms
            </span>
            <span>
              500 ms
            </span>
          </div>
        </div>
        <div
          class="tc-slider "
        >
          <div
            class="tc-slider__header"
          >
            <span
              class="tc-slider__label"
            >
              Packet Loss
            </span>
            <span
              class="tc-slider__value"
            >
              0.5%
            </span>
          </div>
          <input
            class="tc-slider__input"
            max="100"
            min="0"
            step="0.1"
            type="range"
            value="0.5"
          />
          <div
            class="tc-slider__bounds"
          >
            <span>
              0.0%
            </span>
            <span>
              100.0%
            </span>
          </div>
        </div>
      </div>
      <div
        class="tcp-preview"
      >
        <span
          class="tcp-preview__label"
        >
          Preview:
        </span>
        <code
          class="tcp-preview__code"
        >
          1.0Gbps
          , 
          50ms
          , 
          10ms
          , 
          0.5%
        </code>
      </div>
      <div
        class="tcp-actions"
      >
        <button
          class="tcp-btn tcp-btn--secondary"
        >
          Reset
        </button>
        <button
          class="tcp-btn tcp-btn--primary"
        >
          Apply Changes
        </button>
      </div>
      <div
        class="tcp-unsaved"
      >
        You have unsaved changes
      </div>
    </div>
  </div>
</body>
 ❯ Object.getElementError node_modules/@testing-library/dom/dist/config.js:37:19
 ❯ getElementError node_modules/@testing-library/dom/dist/query-helpers.js:20:35
 ❯ getMultipleElementsFoundError node_modules/@testing-library/dom/dist/query-helpers.js:23:10
 ❯ node_modules/@testing-library/dom/dist/query-helpers.js:55:13
 ❯ node_modules/@testing-library/dom/dist/query-helpers.js:95:19
 ❯ src/components/TrafficControlPanel.test.tsx:190:19
    188|     
    189|     // Should show Gbps format (max slider value is 1000 = 1.0 Gbps)
    190|     expect(screen.getByText('1.0 Gbps')).toBeInTheDocument();
       |                   ^
    191|   });
    192| });

⎯⎯⎯⎯⎯⎯⎯⎯⎯⎯⎯⎯⎯⎯⎯⎯⎯⎯⎯⎯⎯⎯⎯⎯[1/1]⎯


所有测试通过。现在执行构建验证：Error executing tool run_shell_command: 
> frontend@0.0.0 build
> tsc -b && vite build

src/components/topology/TopologyCanvas.test.tsx(8,78): error TS6133: 'fitView' is declared but its value is never read.
src/components/topology/TopologyCanvas.test.tsx(8,87): error TS6133: 'showMiniMap' is declared but its value is never read.
src/components/topology/TopologyCanvas.test.tsx(18,18): error TS2345: Argument of type '(node: { id: string; data: { node: { name: string; }; }; }) => JSX.Element' is not assignable to parameter of type '(value: unknown, index: number, array: unknown[]) => Element'.
  Types of parameters 'node' and 'value' are incompatible.
    Type 'unknown' is not assignable to type '{ id: string; data: { node: { name: string; }; }; }'.
src/components/topology/TopologyCanvas.test.tsx(27,18): error TS2345: Argument of type '(edge: { id: string; data?: { link: { sourceId: string; }; }; }) => JSX.Element' is not assignable to parameter of type '(value: unknown, index: number, array: unknown[]) => Element'.
  Types of parameters 'edge' and 'value' are incompatible.
    Type 'unknown' is not assignable to type '{ id: string; data?: { link: { sourceId: string; }; } | undefined; }'.
src/components/topology/TopologyCanvas.test.tsx(82,5): error TS2741: Property 'groupId' is missing in type '{ id: string; name: string; ip: string; role: "drone"; status: "running"; labels: { app: string; }; }' but required in type 'TopologyNode'.
src/components/topology/TopologyCanvas.test.tsx(90,5): error TS2741: Property 'groupId' is missing in type '{ id: string; name: string; ip: string; role: "ground-station"; status: "running"; labels: { app: string; }; }' but required in type 'TopologyNode'.
vite.config.ts(7,3): error TS2769: No overload matches this call.
  The last overload gave the following error.
    Object literal may only specify known properties, and 'test' does not exist in type 'UserConfigExport'.

有 TypeScript 错误需要修复：需要修复测试文件中的 TypeScript 错误：现在修复 vite.config.ts 的类型问题：Error executing tool run_shell_command: 
> frontend@0.0.0 build
> tsc -b && vite build

vite.config.ts(8,3): error TS2769: No overload matches this call.
  The last overload gave the following error.
    Object literal may only specify known properties, and 'test' does not exist in type 'UserConfigExport'.

需要安装 vitest 的类型定义。让我检查一下是否有更好的方式配置：Error executing tool run_shell_command: 
npm error code 128
npm error An unknown git error occurred
npm error command git --no-replace-objects ls-remote ssh://git@github.com/vitest/config.git
npm error ERROR: Repository not found.
npm error fatal: Could not read from remote repository.
npm error
npm error Please make sure you have the correct access rights
npm error and the repository exists.
npm error A complete log of this run can be found in: /home/alacrity/.npm/_logs/2026-02-18T10_25_39_570Z-debug-0.log

让我用另一种方式解决 vite.config.ts 的类型问题：构建成功！现在提交代码：现在更新功能列表和进度文件：---

## 会话摘要

### 完成的工作
**FEAT-013 - Add unit tests for core components**

1. **安装测试依赖** (已存在):
   - `vitest`, `@testing-library/react`, `@testing-library/jest-dom`, `jsdom`, `@testing-library/user-event`

2. **配置 vitest**:
   - 修改 `vite.config.ts` 使用 `vitest/config` 的 `defineConfig`
   - 测试设置文件 `src/test/setup.ts`

3. **创建测试文件**:
   - `TopologyCanvas.test.tsx` - 9 个测试用例
   - `TrafficControlPanel.test.tsx` - 14 个测试用例

### 构建验证结果
✅ **成功**
- 测试: 23 passed (2 test files)
- 构建: ✓ 534 modules transformed, built in 1.35s

### Git 提交
- commit 30ff9e7: "feat: add unit tests for core components (FEAT-013)"
- 6 files changed, 1665 insertions(+), 46 deletions(-)

### 下一步建议
**FEAT-014 - Configure production build and verify** (已基本完成，构建成功)
或继续 **FEAT-015 - Node Local View** (新功能开发)

<Execution Info>
{
  "session-id": "session-b064225d-7b6a-4925-a8fc-6df3cb263d99",
  "conversation-id": "388ff39f-4c4f-4d0a-a917-0e288ee53196",
  "assistantRounds": 37,
  "executionTimeMs": 441161,
  "tokenUsage": {
    "input": 65740,
    "output": 289,
    "total": 66029
  }
}
</Execution Info>
