好的，我来执行启动例行检查，确认当前状态。## 状态确认

**当前进度**:
- 已完成: FEAT-001 ~ FEAT-008 (8个功能)
- 下一个待完成: **FEAT-009** - Create TrafficControl panel for adjusting link parameters

**工作目录**: `/home/alacrity/work/vibe/Kuro` ✓

---

## 开始实现 FEAT-009

让我先查看现有的相关代码，了解当前的实现结构。现在我了解了现有的代码结构。我需要创建一个 `TrafficControlPanel` 组件，包含带宽、延迟、抖动、丢包率的滑块控制，并集成到 `TopologyDetail` 页面中。

让我创建这个组件：现在创建组件索引文件并集成到 TopologyDetail 页面：现在我需要将 `TrafficControlPanel` 集成到页面中。我将在 `LinkDetailPanel` 旁边或替代它来使用 `TrafficControlPanel`：现在添加 CSS 样式来支持面板并排显示：构建成功！现在提交代码并更新文件：现在更新功能列表和进度文件：---

## 会话摘要

### ✅ 完成的工作

**FEAT-009: Create TrafficControl panel for adjusting link parameters**

创建了 `TrafficControlPanel` 组件，包含以下功能：

1. **滑块控制**:
   - 带宽: 0.1 - 1000 Mbps (自动转换为 Gbps 显示)
   - 延迟: 0 - 1000 ms
   - 抖动: 0 - 500 ms  
   - 丢包率: 0 - 100%

2. **实时预览**: 显示当前配置的流量策略字符串

3. **保存/重置按钮**: 支持应用更改和恢复原始值

4. **未保存提示**: 显示是否有未保存的更改

5. **集成到 TopologyDetail 页面**: 选中链路时，同时显示 LinkDetailPanel 和 TrafficControlPanel

### ✅ 构建验证结果

```
vite v7.3.1 building client environment for production...
✓ 517 modules transformed.
✓ built in 1.18s
```

**构建成功！**

### 📝 Git 提交

- commit 0b4dd80: "feat: create TrafficControlPanel for adjusting link parameters (FEAT-009)"
- 5 files changed, 633 insertions(+), 1 deletion(-)

### 📋 下一步建议

**FEAT-010**: Create MetricsPanel with ECharts visualization
- 创建组件/metrics/BandwidthChart.tsx
- 创建组件/metrics/LatencyChart.tsx
- 创建组件/metrics/PacketLossGauge.tsx
- 创建组件/metrics/MetricsPanel.tsx

<Execution Info>
{
  "session-id": "session-d71f50b5-7d79-489e-a4c4-a8df0fc7c87f",
  "conversation-id": "3b451df5-eeb7-423f-a8b0-6dbe4f16a2a2",
  "assistantRounds": 18,
  "executionTimeMs": 228202,
  "tokenUsage": {
    "input": 51128,
    "output": 364,
    "total": 51492
  }
}
</Execution Info>
