好的，我来执行例行检查并开始工作。根据检查结果，下一个要完成的功能是 **FEAT-016 - Topology Creation - YAML Editor with live preview**。让我先安装 Monaco Editor 并查看现有代码结构：现在创建 TopologyCreate 页面，包含 YAML 编辑器和实时预览：现在更新 App.tsx 添加路由：现在在 Dashboard 和 TopologyList 页面添加 "Create Topology" 按钮。先查看它们的结构：需要更新 Dashboard 和 TopologyList 以支持导航到创建页面。我需要添加一个 onCreateTopology 回调：现在更新 App.tsx 来传递回调：现在运行构建验证：Error executing tool run_shell_command: 
> frontend@0.0.0 build
> tsc -b && vite build

src/pages/TopologyCreate.tsx(5,3): error TS1484: 'Node' is a type and must be imported using a type-only import when 'verbatimModuleSyntax' is enabled.
src/pages/TopologyCreate.tsx(6,3): error TS1484: 'Edge' is a type and must be imported using a type-only import when 'verbatimModuleSyntax' is enabled.

需要修复 TypeScript 导入错误：构建成功！现在运行测试：所有测试通过。现在提交代码：现在更新 feature_list.json：Error executing tool run_shell_command: 
The following paths are ignored by one of your .gitignore files:
agent-harness/feature_list.json
hint: Use -f if you really want to add them.
hint: Disable this message with "git config set advice.addIgnoredFile false"

## 会话摘要

### 1. 完成的工作

**FEAT-016 - Topology Creation - YAML Editor with live preview**

已成功实现拓扑创建页面，包含以下功能：

- **Monaco Editor**: 专业代码编辑器，支持 YAML 语法高亮和智能提示
- **实时预览**: 编辑 YAML 时自动解析并生成拓扑图预览
- **YAML 验证**: 检查必填字段和格式，显示错误提示横幅
- **拓扑摘要**: 显示拓扑名称、命名空间和节点组列表
- **节点预览**: 使用 React Flow 展示节点布局和连接关系
- **路由集成**: `/topologies/create` 路由，从 Dashboard 和 TopologyList 页面可点击创建

**创建的文件**:
- `frontend/src/pages/TopologyCreate.tsx`
- `frontend/src/pages/TopologyCreate.css`

**修改的文件**:
- `frontend/src/App.tsx` - 添加路由
- `frontend/src/pages/Dashboard.tsx` - 添加 onCreateTopology 回调
- `frontend/src/pages/TopologyList.tsx` - 添加 onCreateTopology 回调
- `frontend/src/pages/index.ts` - 导出新组件

### 2. 构建验证结果

**构建**: ✅ 成功
```
vite v7.3.1 building client environment for production...
✓ 549 modules transformed.
dist/assets/index-nmYpXr6U.js   574.73 kB
✓ built in 1.45s
```

**测试**: ✅ 通过 (23/23)
```
Test Files  2 passed (2)
Tests  23 passed (23)
```

### 3. 下一步建议

下一个功能是 **FEAT-017 - TSN Mode - Time-Sensitive Networking support**，包括：
- 添加 TSN 模式切换
- 延迟显示单位切换到微秒 (μs)
- 时间同步状态指示器

<Execution Info>
{
  "session-id": "session-51f3715c-ede8-4a9f-9a8a-67db3a376455",
  "conversation-id": "dcf38002-edf7-43ba-abe0-5737a36fc52b",
  "assistantRounds": 35,
  "executionTimeMs": 482763,
  "tokenUsage": {
    "input": 58651,
    "output": 431,
    "total": 59082
  }
}
</Execution Info>
