好的，我来执行启动例行检查。例行检查完成。当前状态：

**工作目录**: `/home/alacrity/work/vibe/Kuro`
**当前分支**: `agent-harness`
**最新提交**: `0b4dd80` (FEAT-009)

**下一个待完成功能**: FEAT-010 - Create MetricsPanel with ECharts visualization
- 优先级: medium
- 状态: `passes: false`

---

现在开始实现 **FEAT-010: MetricsPanel with ECharts visualization**。让我先查看现有的 mock 数据和类型定义，了解指标数据结构：现在我了解了类型和 mock 数据结构。让我开始创建 metrics 组件。首先查看已有的 metrics 组件目录：已经有一个 BandwidthChart 组件。让我查看现有实现：很好，BandwidthChart 已经存在。现在需要创建：
1. LatencyChart.tsx
2. PacketLossGauge.tsx
3. MetricsPanel.tsx（组合组件）创建索引文件：现在运行构建验证：Error executing tool run_shell_command: 
> frontend@0.0.0 build
> tsc -b && vite build

src/components/metrics/BandwidthChart.tsx(58,7): error TS2322: Type '{ type: "category"; data: number[]; axisLabel: { formatter: (value: number) => string; fontSize: number; color: string; }; axisLine: { lineStyle: { color: string; }; }; }' is not assignable to type 'XAXisOption | XAXisOption[] | undefined'.
  The types of 'axisLabel.formatter' are incompatible between these types.
    Type '(value: number) => string' is not assignable to type 'string | AxisLabelCategoryFormatter | undefined'.
      Type '(value: number) => string' is not assignable to type 'AxisLabelCategoryFormatter'.
        Types of parameters 'value' and 'value' are incompatible.
          Type 'string' is not assignable to type 'number'.
src/components/metrics/LatencyChart.tsx(58,7): error TS2322: Type '{ type: "category"; data: number[]; axisLabel: { formatter: (value: number) => string; fontSize: number; color: string; }; axisLine: { lineStyle: { color: string; }; }; }' is not assignable to type 'XAXisOption | XAXisOption[] | undefined'.
  The types of 'axisLabel.formatter' are incompatible between these types.
    Type '(value: number) => string' is not assignable to type 'string | AxisLabelCategoryFormatter | undefined'.
      Type '(value: number) => string' is not assignable to type 'AxisLabelCategoryFormatter'.
        Types of parameters 'value' and 'value' are incompatible.
          Type 'string' is not assignable to type 'number'.

有类型错误。需要修复 ECharts 的 formatter 类型。让我查看并修复：重新运行构建：构建成功！现在更新 todo 并进行前端测试验证：组件创建完成并验证通过。现在提交代码：现在更新功能列表：更新进度文件：清理截图文件：---

## 会话摘要

### ✅ 完成的工作

**FEAT-010: MetricsPanel with ECharts visualization**

创建了完整的 metrics 组件套件：

| 文件 | 功能 |
|------|------|
| `BandwidthChart.tsx` | 带宽折线图（蓝色主题） |
| `LatencyChart.tsx` | 延迟折线图（橙色主题） |
| `PacketLossGauge.tsx` | 丢包率仪表盘（颜色指示严重程度） |
| `MetricsPanel.tsx` | 组合面板，整合所有图表 |

**功能特性：**
- 实时统计卡片：带宽、延迟、抖动、包/秒
- 丢包率仪表盘：绿(<1%)、橙(1-5%)、红(>5%)
- 历史图表：带宽和延迟时间序列
- 丢包率趋势条
- 空状态提示
- 响应式布局

### ✅ 构建验证结果

```
vite v7.3.1 building client environment for production...
✓ 517 modules transformed.
✓ built in 1.21s
```

**成功！**

### Git 提交

- `ef6ba1c`: "feat: create MetricsPanel with ECharts visualization (FEAT-010)"
- 9 files changed, 719 insertions(+)

---

### 下一步建议

**FEAT-011**: Add routing with React Router
- 安装 react-router-dom
- 配置路由
- 实现页面间导航

**注意**: `MetricsPanel` 组件已创建，但尚未集成到页面中。建议后续将其集成到 `TopologyDetail` 页面的链路详情面板或创建独立的 Metrics 页面。

<Execution Info>
{
  "session-id": "session-d9dcb169-2adc-462d-80f6-f8675330dbd9",
  "conversation-id": "3bc75a9b-d97d-45a5-8e66-fd111761b1db",
  "assistantRounds": 27,
  "executionTimeMs": 468952,
  "tokenUsage": {
    "input": 44612,
    "output": 382,
    "total": 44994
  }
}
</Execution Info>
