好的，我来执行启动例行检查。## 启动检查完成

**当前状态**:
- 工作目录: `/home/alacrity/work/vibe/Kuro`
- 已完成: FEAT-001 到 FEAT-010 (10/18 个功能)
- 下一个功能: **FEAT-011 - Add routing with React Router**

开始实现 FEAT-011...现在我理解了当前架构。当前使用的是基于状态的简单导航，需要改为 React Router。让我更新 App.tsx 配置路由。现在需要更新 Dashboard 和 TopologyList 页面，移除旧的导航 props。让我检查并更新这些页面：Dashboard 和 TopologyList 的 `onViewTopology` prop 是从 App.tsx 传入的，现在 App.tsx 已经更新了，这些组件的接口保持不变。现在运行构建验证：Error executing tool run_shell_command: 
> frontend@0.0.0 build
> tsc -b && vite build

src/App.tsx(1,20): error TS6133: 'useEffect' is declared but its value is never read.

有一个未使用的 import，让我修复：构建成功！现在提交代码并更新进度文件：现在更新功能列表和进度文件：## 会话摘要

### ✅ 完成的工作

**FEAT-011: Add routing with React Router**

1. **安装依赖**: `react-router-dom` (4 packages)
2. **重构 App.tsx**: 
   - 使用 `BrowserRouter` 包装应用
   - 配置 `Routes` 和 `Route` 组件
   - 使用 `useNavigate` 和 `useLocation` hooks 实现导航
3. **路由配置**:
   - `/` → Dashboard
   - `/dashboard` → Dashboard
   - `/topologies` → TopologyList
   - `/topologies/:namespace/:name` → TopologyDetail
   - `/metrics` → Metrics placeholder
4. **功能**: URL 驱动导航、浏览器前进/后退支持、侧边栏与路由同步

### ✅ 构建验证结果

```
vite v7.3.1 building client environment for production...
✓ 528 modules transformed.
✓ built in 1.39s
```

### 📝 Git 提交

- `b4237bb` - "feat: add routing with React Router (FEAT-011)"

### 📋 下一步建议

**FEAT-012**: Connect all components with Zustand store
- 创建 `stores/topologyStore.ts`
- 实现状态管理 (selected node/link)
- 连接组件到 store

<Execution Info>
{
  "session-id": "session-89f5a4f8-d920-4f19-a74e-0ec3e81ecf92",
  "conversation-id": "de00921a-69d2-4ec9-954f-9713ce7bcb95",
  "assistantRounds": 15,
  "executionTimeMs": 191007,
  "tokenUsage": {
    "input": 43262,
    "output": 301,
    "total": 43563
  }
}
</Execution Info>
